<testsuites name="jest tests" tests="6" failures="0" time="3.186">
  <testsuite name="CountryFilter App" errors="0" failures="0" skipped="0" timestamp="2021-02-08T19:45:15" time="3.186" tests="6">
    <testcase classname="CountryFilter App should render the Initial state without crash" name="CountryFilter App should render the Initial state without crash" time="0.112">
    </testcase>
    <testcase classname="CountryFilter App should have right countries in the rendered HTML after filtering" name="CountryFilter App should have right countries in the rendered HTML after filtering" time="0.036">
    </testcase>
    <testcase classname="CountryFilter App should filter countries without case sensitivity" name="CountryFilter App should filter countries without case sensitivity" time="0.034">
    </testcase>
    <testcase classname="CountryFilter App should support fuzzy search" name="CountryFilter App should support fuzzy search" time="0.029">
    </testcase>
    <testcase classname="CountryFilter App should show all contents on resetting the typed fields" name="CountryFilter App should show all contents on resetting the typed fields" time="0.087">
    </testcase>
    <testcase classname="CountryFilter App should should show correct content after a series of searches" name="CountryFilter App should should show correct content after a series of searches" time="0.048">
    </testcase>
  </testsuite>
</testsuites>